// Jest Snapshot v1, https://goo.gl/fbAQLP

exports[`index subdir 1`] = `
"\\"use strict\\";

Object.defineProperty(exports, \\"__esModule\\", {
  value: true
});
exports.default = void 0;
var _foo = _interopRequireDefault(require(\\"foo\\"));
function _interopRequireDefault(obj) { return obj && obj.__esModule ? obj : { default: obj }; }
var _default = _foo.default;
exports.default = _default;"
`;

exports[`index works 1`] = `
"\\"use strict\\";

Object.defineProperty(exports, \\"__esModule\\", {
  value: true
});
exports.default = void 0;
var _foo = _interopRequireDefault(require(\\"foo\\"));
function _interopRequireDefault(obj) { return obj && obj.__esModule ? obj : { default: obj }; }
var _default = _foo.default;
exports.default = _default;"
`;
